== inspect ==
inspect ok
== run ==
BFCL_RUN_RC=1
== evaluate ==
BFCL_EVAL_RC=1
== status ==
    "multi_turn_base_117",
    "multi_turn_base_131",
    "multi_turn_base_162",
    "multi_turn_base_170",
    "multi_turn_base_180",
    "multi_turn_base_183",
    "multi_turn_base_184",
    "multi_turn_base_186",
    "multi_turn_base_188",
    "multi_turn_base_194",
    "multi_turn_base_2",
    "multi_turn_base_33",
    "multi_turn_base_55",
    "multi_turn_base_60",
    "multi_turn_base_68",
    "multi_turn_base_72",
    "multi_turn_base_97"
  ],
  "freshness_witness": false
}
